// Vitest Snapshot v1

exports[`Tx Factory > should create the context functions 1`] = `
{
  "bytes": Uint8Array [
    10,
    5,
    49,
    46,
    48,
    46,
    48,
    18,
    64,
    49,
    51,
    52,
    97,
    51,
    99,
    99,
    99,
    51,
    51,
    51,
    53,
    48,
    55,
    49,
    55,
    97,
    55,
    100,
    98,
    55,
    57,
    97,
    57,
    51,
    98,
    53,
    53,
    49,
    54,
    101,
    97,
    48,
    97,
    53,
    100,
    52,
    100,
    98,
    48,
    97,
    54,
    48,
    102,
    48,
    51,
    97,
    48,
    56,
    51,
    51,
    53,
    101,
    48,
    99,
    52,
    99,
    57,
    55,
    53,
    100,
    49,
    53,
    101,
    26,
    9,
    114,
    101,
    99,
    105,
    112,
    105,
    101,
    110,
    116,
    32,
    1,
    40,
    1,
    50,
    27,
    10,
    7,
    104,
    97,
    110,
    100,
    108,
    101,
    114,
    18,
    7,
    118,
    101,
    114,
    115,
    105,
    111,
    110,
    26,
    7,
    110,
    101,
    116,
    119,
    111,
    114,
    107,
    58,
    64,
    19,
    74,
    60,
    204,
    51,
    53,
    7,
    23,
    167,
    219,
    121,
    169,
    59,
    85,
    22,
    234,
    10,
    93,
    77,
    176,
    166,
    15,
    3,
    160,
    131,
    53,
    224,
    196,
    201,
    117,
    209,
    94,
    19,
    74,
    60,
    204,
    51,
    53,
    7,
    23,
    167,
    219,
    121,
    169,
    59,
    85,
    22,
    234,
    10,
    93,
    77,
    176,
    166,
    15,
    3,
    160,
    131,
    53,
    224,
    196,
    201,
    117,
    209,
    94,
  ],
  "checksum": TxChecksum {
    "handler": "handler",
    "network": "network",
    "version": "version",
  },
  "data": {
    "gas": 1n,
    "message": TxMsg {
      "content": Uint8Array [],
      "handler": "handler",
      "network": "network",
      "version": "version",
    },
    "nonce": 1n,
    "recipient": undefined,
    "sender": undefined,
    "signature": Uint8Array [
      19,
      74,
      60,
      204,
      51,
      53,
      7,
      23,
      167,
      219,
      121,
      169,
      59,
      85,
      22,
      234,
      10,
      93,
      77,
      176,
      166,
      15,
      3,
      160,
      131,
      53,
      224,
      196,
      201,
      117,
      209,
      94,
      19,
      74,
      60,
      204,
      51,
      53,
      7,
      23,
      167,
      219,
      121,
      169,
      59,
      85,
      22,
      234,
      10,
      93,
      77,
      176,
      166,
      15,
      3,
      160,
      131,
      53,
      224,
      196,
      201,
      117,
      209,
      94,
    ],
    "version": "1.0.0",
  },
  "hash": "c373b61536afcad057e0adadae367a2f62d778e0ee9e00549f4772fa4849c499",
  "raw": SignedTx {
    "gas": 1n,
    "message": TxMsg {
      "content": Uint8Array [],
      "handler": "handler",
      "network": "network",
      "version": "version",
    },
    "nonce": 1n,
    "recipient": "recipient",
    "sender": "134a3ccc33350717a7db79a93b5516ea0a5d4db0a60f03a08335e0c4c975d15e",
    "signature": Uint8Array [
      19,
      74,
      60,
      204,
      51,
      53,
      7,
      23,
      167,
      219,
      121,
      169,
      59,
      85,
      22,
      234,
      10,
      93,
      77,
      176,
      166,
      15,
      3,
      160,
      131,
      53,
      224,
      196,
      201,
      117,
      209,
      94,
      19,
      74,
      60,
      204,
      51,
      53,
      7,
      23,
      167,
      219,
      121,
      169,
      59,
      85,
      22,
      234,
      10,
      93,
      77,
      176,
      166,
      15,
      3,
      160,
      131,
      53,
      224,
      196,
      201,
      117,
      209,
      94,
    ],
    "version": "1.0.0",
  },
  "type": "900578960398f70afd2c6c71d499250e46c147dcccc14a1dd5681347852cdefe",
}
`;
