// Vitest Snapshot v1

exports[`ListTxHandlers > should get all tx handlers 1`] = `
{
  "code": 0,
  "value": Uint8Array [
    123,
    34,
    104,
    97,
    110,
    100,
    108,
    101,
    114,
    34,
    58,
    123,
    34,
    118,
    101,
    114,
    115,
    105,
    111,
    110,
    34,
    58,
    123,
    34,
    99,
    104,
    101,
    99,
    107,
    115,
    117,
    109,
    34,
    58,
    34,
    99,
    104,
    101,
    99,
    107,
    115,
    117,
    109,
    34,
    44,
    34,
    110,
    97,
    109,
    101,
    34,
    58,
    34,
    110,
    97,
    109,
    101,
    34,
    44,
    34,
    118,
    101,
    114,
    115,
    105,
    111,
    110,
    34,
    58,
    34,
    118,
    101,
    114,
    115,
    105,
    111,
    110,
    34,
    125,
    125,
    125,
  ],
}
`;
