// Vitest Snapshot v1

exports[`Tx Executor > should resign and leave the collection without an owner 1`] = `
BEP126Collection {
  "accessControlList": {},
  "currentOwner": "",
  "id": "e2abe831494bd6d8642810cb11e2d36944abb2206c40ac5f24be73d92258dfa9",
  "initialOwner": "bear15z20cwcgszr54v7w7pxulyv3pyqjz878rmvzqtjf2sqphz7gv4hrz0f44vuwgx57qy6h0c064x3rw44zxpl",
  "name": "name",
  "policies": [],
  "symbol": "symbol",
  "tokens": [],
  "uriPrefix": "uriPrefix",
  "uriSuffix": "uriSuffix",
}
`;
